2026-10-05 22:37:20: LOG: Export: C:/Users/Lenovo/WestinHotel/DesignWork/V55_HotelDetail/Exports/H55_Armchair_Fabric.fbx
2026-10-05 22:37:20: LOG: Export: C:/Users/Lenovo/WestinHotel/DesignWork/V55_HotelDetail/Exports/H55_Armchair_Metal.fbx
2026-10-05 22:37:20: LOG: Export: C:/Users/Lenovo/WestinHotel/DesignWork/V55_HotelDetail/Exports/H55_Armchair_Wood.fbx
2026-10-05 22:37:20: LOG: Export: C:/Users/Lenovo/WestinHotel/DesignWork/V55_HotelDetail/Exports/H55_Bedside_Metal.fbx
2026-10-05 22:37:20: LOG: Export: C:/Users/Lenovo/WestinHotel/DesignWork/V55_HotelDetail/Exports/H55_Bedside_Wood.fbx
2026-10-05 22:37:20: LOG: Export: C:/Users/Lenovo/WestinHotel/DesignWork/V55_HotelDetail/Exports/H55_Bookcase_Default.fbx
2026-10-05 22:37:20: LOG: Export: C:/Users/Lenovo/WestinHotel/DesignWork/V55_HotelDetail/Exports/H55_Bookcase_Metal.fbx
2026-10-05 22:37:20: LOG: Export: C:/Users/Lenovo/WestinHotel/DesignWork/V55_HotelDetail/Exports/H55_Bookcase_Wood.fbx
2026-10-05 22:37:20: LOG: Export: C:/Users/Lenovo/WestinHotel/DesignWork/V55_HotelDetail/Exports/H55_CoffeeTable_Metal.fbx
2026-10-05 22:37:20: LOG: Export: C:/Users/Lenovo/WestinHotel/DesignWork/V55_HotelDetail/Exports/H55_CoffeeTable_Wood.fbx
2026-10-05 22:37:20: LOG: Export: C:/Users/Lenovo/WestinHotel/DesignWork/V55_HotelDetail/Exports/H55_DeskChair_Fabric.fbx
2026-10-05 22:37:20: LOG: Export: C:/Users/Lenovo/WestinHotel/DesignWork/V55_HotelDetail/Exports/H55_DeskChair_Metal.fbx
2026-10-05 22:37:20: LOG: Export: C:/Users/Lenovo/WestinHotel/DesignWork/V55_HotelDetail/Exports/H55_DeskChair_Wood.fbx
2026-10-05 22:37:20: LOG: Export: C:/Users/Lenovo/WestinHotel/DesignWork/V55_HotelDetail/Exports/H55_DoubleBed_Fabric.fbx
2026-10-05 22:37:20: LOG: Export: C:/Users/Lenovo/WestinHotel/DesignWork/V55_HotelDetail/Exports/H55_DoubleBed_Metal.fbx
2026-10-05 22:37:20: LOG: Export: C:/Users/Lenovo/WestinHotel/DesignWork/V55_HotelDetail/Exports/H55_DoubleBed_Wood.fbx
2026-10-05 22:37:20: LOG: Export: C:/Users/Lenovo/WestinHotel/DesignWork/V55_HotelDetail/Exports/H55_DressingBench_Fabric.fbx
2026-10-05 22:37:20: LOG: Export: C:/Users/Lenovo/WestinHotel/DesignWork/V55_HotelDetail/Exports/H55_DressingBench_Metal.fbx
2026-10-05 22:37:20: LOG: Export: C:/Users/Lenovo/WestinHotel/DesignWork/V55_HotelDetail/Exports/H55_DressingBench_Wood.fbx
2026-10-05 22:37:20: LOG: Export: C:/Users/Lenovo/WestinHotel/DesignWork/V55_HotelDetail/Exports/H55_EntryScreen_Wood.fbx
2026-10-05 22:37:21: LOG: Export: C:/Users/Lenovo/WestinHotel/DesignWork/V55_HotelDetail/Exports/H55_EntryWardrobe_Metal.fbx
2026-10-05 22:37:21: LOG: Export: C:/Users/Lenovo/WestinHotel/DesignWork/V55_HotelDetail/Exports/H55_EntryWardrobe_Wood.fbx
2026-10-05 22:37:21: LOG: Export: C:/Users/Lenovo/WestinHotel/DesignWork/V55_HotelDetail/Exports/H55_LinenCabinet_Metal.fbx
2026-10-05 22:37:21: LOG: Export: C:/Users/Lenovo/WestinHotel/DesignWork/V55_HotelDetail/Exports/H55_LinenCabinet_Wood.fbx
2026-10-05 22:37:21: LOG: Export: C:/Users/Lenovo/WestinHotel/DesignWork/V55_HotelDetail/Exports/H55_LuggageBench_Fabric.fbx
2026-10-05 22:37:21: LOG: Export: C:/Users/Lenovo/WestinHotel/DesignWork/V55_HotelDetail/Exports/H55_LuggageBench_Metal.fbx
2026-10-05 22:37:21: LOG: Export: C:/Users/Lenovo/WestinHotel/DesignWork/V55_HotelDetail/Exports/H55_LuggageBench_Wood.fbx
2026-10-05 22:37:21: LOG: Export: C:/Users/Lenovo/WestinHotel/DesignWork/V55_HotelDetail/Exports/H55_SleepScreen_Wood.fbx
2026-10-05 22:37:21: LOG: Export: C:/Users/Lenovo/WestinHotel/DesignWork/V55_HotelDetail/Exports/H55_Sofa_Fabric.fbx
2026-10-05 22:37:21: LOG: Export: C:/Users/Lenovo/WestinHotel/DesignWork/V55_HotelDetail/Exports/H55_Sofa_Metal.fbx
2026-10-05 22:37:21: LOG: Export: C:/Users/Lenovo/WestinHotel/DesignWork/V55_HotelDetail/Exports/H55_Sofa_Wood.fbx
2026-10-05 22:37:21: LOG: Export: C:/Users/Lenovo/WestinHotel/DesignWork/V55_HotelDetail/Exports/H55_TeaCabinet_Metal.fbx
2026-10-05 22:37:21: LOG: Export: C:/Users/Lenovo/WestinHotel/DesignWork/V55_HotelDetail/Exports/H55_TeaCabinet_Stone.fbx
2026-10-05 22:37:21: LOG: Export: C:/Users/Lenovo/WestinHotel/DesignWork/V55_HotelDetail/Exports/H55_TeaCabinet_Wood.fbx
2026-10-05 22:37:21: LOG: Export: C:/Users/Lenovo/WestinHotel/DesignWork/V55_HotelDetail/Exports/H55_Vanity_Metal.fbx
2026-10-05 22:37:21: LOG: Export: C:/Users/Lenovo/WestinHotel/DesignWork/V55_HotelDetail/Exports/H55_Vanity_Wood.fbx
2026-10-05 22:46:57: LOG: Export: C:/Users/Lenovo/WestinHotel/DesignWork/V55_HotelDetail/Exports/SM_H55_HotelShell307.fbx
